// Jest Snapshot v1, https://goo.gl/fbAQLP

exports[`FileListPanel component renders correctly - none selected 1`] = `
<body>
  <div>
    <ul
      class="MuiList-root makeStyles-root-1 MuiList-padding"
    >
      <div
        aria-disabled="false"
        class="MuiButtonBase-root MuiListItem-root MuiListItem-gutters MuiListItem-button MuiListItem-alignItemsFlexStart"
        id="listItem#0"
        role="button"
        tabindex="0"
      >
        <div
          class="MuiListItemAvatar-root MuiListItemAvatar-alignItemsFlexStart"
        >
          <div
            class="MuiAvatar-root MuiAvatar-rounded makeStyles-large-3"
          >
            <img
              alt="Happens To The Heart"
              class="MuiAvatar-img"
              src="test-file-stub"
            />
          </div>
        </div>
        <div
          class="MuiListItemText-root MuiListItemText-multiline"
        >
          <span
            class="MuiTypography-root MuiListItemText-primary MuiTypography-body1 MuiTypography-displayBlock"
          >
            Happens To The Heart
          </span>
          <p
            class="MuiTypography-root MuiListItemText-secondary MuiTypography-body2 MuiTypography-colorTextSecondary MuiTypography-displayBlock"
          >
            <span
              class="MuiTypography-root makeStyles-inline-2 MuiTypography-body2 MuiTypography-colorTextPrimary"
            >
              Leonard Cohen
            </span>
            Thanks For The Dance
             [
            2019
            ]
          </p>
        </div>
        <span
          class="MuiTouchRipple-root"
        />
      </div>
      <li
        class="MuiDivider-root MuiDivider-inset"
        role="separator"
      />
      <div
        aria-disabled="false"
        class="MuiButtonBase-root MuiListItem-root MuiListItem-gutters MuiListItem-button MuiListItem-alignItemsFlexStart"
        id="listItem#1"
        role="button"
        tabindex="0"
      >
        <div
          class="MuiListItemAvatar-root MuiListItemAvatar-alignItemsFlexStart"
        >
          <div
            class="MuiAvatar-root MuiAvatar-rounded makeStyles-large-3"
          >
            <img
              alt="Moving On"
              class="MuiAvatar-img"
              src="test-file-stub"
            />
          </div>
        </div>
        <div
          class="MuiListItemText-root MuiListItemText-multiline"
        >
          <span
            class="MuiTypography-root MuiListItemText-primary MuiTypography-body1 MuiTypography-displayBlock"
          >
            Moving On
          </span>
          <p
            class="MuiTypography-root MuiListItemText-secondary MuiTypography-body2 MuiTypography-colorTextSecondary MuiTypography-displayBlock"
          >
            <span
              class="MuiTypography-root makeStyles-inline-2 MuiTypography-body2 MuiTypography-colorTextPrimary"
            >
              Leonard Cohen
            </span>
            Thanks For The Dance
             [
            2019
            ]
          </p>
        </div>
        <span
          class="MuiTouchRipple-root"
        />
      </div>
      <li
        class="MuiDivider-root MuiDivider-inset"
        role="separator"
      />
      <div
        aria-disabled="false"
        class="MuiButtonBase-root MuiListItem-root MuiListItem-gutters MuiListItem-button MuiListItem-alignItemsFlexStart"
        id="listItem#2"
        role="button"
        tabindex="0"
      >
        <div
          class="MuiListItemAvatar-root MuiListItemAvatar-alignItemsFlexStart"
        >
          <div
            class="MuiAvatar-root MuiAvatar-rounded makeStyles-large-3"
          >
            <img
              alt="The Night of Santiago"
              class="MuiAvatar-img"
              src="test-file-stub"
            />
          </div>
        </div>
        <div
          class="MuiListItemText-root MuiListItemText-multiline"
        >
          <span
            class="MuiTypography-root MuiListItemText-primary MuiTypography-body1 MuiTypography-displayBlock"
          >
            The Night of Santiago
          </span>
          <p
            class="MuiTypography-root MuiListItemText-secondary MuiTypography-body2 MuiTypography-colorTextSecondary MuiTypography-displayBlock"
          >
            <span
              class="MuiTypography-root makeStyles-inline-2 MuiTypography-body2 MuiTypography-colorTextPrimary"
            >
              Leonard Cohen
            </span>
            Thanks For The Dance
             [
            2019
            ]
          </p>
        </div>
        <span
          class="MuiTouchRipple-root"
        />
      </div>
      <li
        class="MuiDivider-root MuiDivider-inset"
        role="separator"
      />
      <div
        aria-disabled="false"
        class="MuiButtonBase-root MuiListItem-root MuiListItem-gutters MuiListItem-button MuiListItem-alignItemsFlexStart"
        id="listItem#3"
        role="button"
        tabindex="0"
      >
        <div
          class="MuiListItemAvatar-root MuiListItemAvatar-alignItemsFlexStart"
        >
          <div
            class="MuiAvatar-root MuiAvatar-rounded makeStyles-large-3"
          >
            <img
              alt="Thanks For The Dance"
              class="MuiAvatar-img"
              src="test-file-stub"
            />
          </div>
        </div>
        <div
          class="MuiListItemText-root MuiListItemText-multiline"
        >
          <span
            class="MuiTypography-root MuiListItemText-primary MuiTypography-body1 MuiTypography-displayBlock"
          >
            Thanks For The Dance
          </span>
          <p
            class="MuiTypography-root MuiListItemText-secondary MuiTypography-body2 MuiTypography-colorTextSecondary MuiTypography-displayBlock"
          >
            <span
              class="MuiTypography-root makeStyles-inline-2 MuiTypography-body2 MuiTypography-colorTextPrimary"
            >
              Leonard Cohen
            </span>
            Thanks For The Dance
             [
            2019
            ]
          </p>
        </div>
        <span
          class="MuiTouchRipple-root"
        />
      </div>
      <li
        class="MuiDivider-root MuiDivider-inset"
        role="separator"
      />
      <div
        aria-disabled="false"
        class="MuiButtonBase-root MuiListItem-root MuiListItem-gutters MuiListItem-button MuiListItem-alignItemsFlexStart"
        id="listItem#4"
        role="button"
        tabindex="0"
      >
        <div
          class="MuiListItemAvatar-root MuiListItemAvatar-alignItemsFlexStart"
        >
          <div
            class="MuiAvatar-root MuiAvatar-rounded makeStyles-large-3"
          >
            <img
              alt="It's Torn"
              class="MuiAvatar-img"
              src="test-file-stub"
            />
          </div>
        </div>
        <div
          class="MuiListItemText-root MuiListItemText-multiline"
        >
          <span
            class="MuiTypography-root MuiListItemText-primary MuiTypography-body1 MuiTypography-displayBlock"
          >
            It's Torn
          </span>
          <p
            class="MuiTypography-root MuiListItemText-secondary MuiTypography-body2 MuiTypography-colorTextSecondary MuiTypography-displayBlock"
          >
            <span
              class="MuiTypography-root makeStyles-inline-2 MuiTypography-body2 MuiTypography-colorTextPrimary"
            >
              Leonard Cohen
            </span>
            Thanks For The Dance
             [
            2019
            ]
          </p>
        </div>
        <span
          class="MuiTouchRipple-root"
        />
      </div>
      <li
        class="MuiDivider-root MuiDivider-inset"
        role="separator"
      />
      <div
        aria-disabled="false"
        class="MuiButtonBase-root MuiListItem-root MuiListItem-gutters MuiListItem-button MuiListItem-alignItemsFlexStart"
        id="listItem#5"
        role="button"
        tabindex="0"
      >
        <div
          class="MuiListItemAvatar-root MuiListItemAvatar-alignItemsFlexStart"
        >
          <div
            class="MuiAvatar-root MuiAvatar-rounded makeStyles-large-3"
          >
            <img
              alt="The Goal"
              class="MuiAvatar-img"
              src="test-file-stub"
            />
          </div>
        </div>
        <div
          class="MuiListItemText-root MuiListItemText-multiline"
        >
          <span
            class="MuiTypography-root MuiListItemText-primary MuiTypography-body1 MuiTypography-displayBlock"
          >
            The Goal
          </span>
          <p
            class="MuiTypography-root MuiListItemText-secondary MuiTypography-body2 MuiTypography-colorTextSecondary MuiTypography-displayBlock"
          >
            <span
              class="MuiTypography-root makeStyles-inline-2 MuiTypography-body2 MuiTypography-colorTextPrimary"
            >
              Leonard Cohen
            </span>
            Thanks For The Dance
             [
            2019
            ]
          </p>
        </div>
        <span
          class="MuiTouchRipple-root"
        />
      </div>
      <li
        class="MuiDivider-root MuiDivider-inset"
        role="separator"
      />
      <div
        aria-disabled="false"
        class="MuiButtonBase-root MuiListItem-root MuiListItem-gutters MuiListItem-button MuiListItem-alignItemsFlexStart"
        id="listItem#6"
        role="button"
        tabindex="0"
      >
        <div
          class="MuiListItemAvatar-root MuiListItemAvatar-alignItemsFlexStart"
        >
          <div
            class="MuiAvatar-root MuiAvatar-rounded makeStyles-large-3"
          >
            <img
              alt="Puppets"
              class="MuiAvatar-img"
              src="test-file-stub"
            />
          </div>
        </div>
        <div
          class="MuiListItemText-root MuiListItemText-multiline"
        >
          <span
            class="MuiTypography-root MuiListItemText-primary MuiTypography-body1 MuiTypography-displayBlock"
          >
            Puppets
          </span>
          <p
            class="MuiTypography-root MuiListItemText-secondary MuiTypography-body2 MuiTypography-colorTextSecondary MuiTypography-displayBlock"
          >
            <span
              class="MuiTypography-root makeStyles-inline-2 MuiTypography-body2 MuiTypography-colorTextPrimary"
            >
              Leonard Cohen
            </span>
            Thanks For The Dance
             [
            2019
            ]
          </p>
        </div>
        <span
          class="MuiTouchRipple-root"
        />
      </div>
      <li
        class="MuiDivider-root MuiDivider-inset"
        role="separator"
      />
      <div
        aria-disabled="false"
        class="MuiButtonBase-root MuiListItem-root MuiListItem-gutters MuiListItem-button MuiListItem-alignItemsFlexStart"
        id="listItem#7"
        role="button"
        tabindex="0"
      >
        <div
          class="MuiListItemAvatar-root MuiListItemAvatar-alignItemsFlexStart"
        >
          <div
            class="MuiAvatar-root MuiAvatar-rounded makeStyles-large-3"
          >
            <img
              alt="The Hills"
              class="MuiAvatar-img"
              src="test-file-stub"
            />
          </div>
        </div>
        <div
          class="MuiListItemText-root MuiListItemText-multiline"
        >
          <span
            class="MuiTypography-root MuiListItemText-primary MuiTypography-body1 MuiTypography-displayBlock"
          >
            The Hills
          </span>
          <p
            class="MuiTypography-root MuiListItemText-secondary MuiTypography-body2 MuiTypography-colorTextSecondary MuiTypography-displayBlock"
          >
            <span
              class="MuiTypography-root makeStyles-inline-2 MuiTypography-body2 MuiTypography-colorTextPrimary"
            >
              Leonard Cohen
            </span>
            Thanks For The Dance
             [
            2019
            ]
          </p>
        </div>
        <span
          class="MuiTouchRipple-root"
        />
      </div>
      <li
        class="MuiDivider-root MuiDivider-inset"
        role="separator"
      />
      <div
        aria-disabled="false"
        class="MuiButtonBase-root MuiListItem-root MuiListItem-gutters MuiListItem-button MuiListItem-alignItemsFlexStart"
        id="listItem#8"
        role="button"
        tabindex="0"
      >
        <div
          class="MuiListItemAvatar-root MuiListItemAvatar-alignItemsFlexStart"
        >
          <div
            class="MuiAvatar-root MuiAvatar-rounded makeStyles-large-3"
          >
            <img
              alt="Listen To The Hummingbird"
              class="MuiAvatar-img"
              src="test-file-stub"
            />
          </div>
        </div>
        <div
          class="MuiListItemText-root MuiListItemText-multiline"
        >
          <span
            class="MuiTypography-root MuiListItemText-primary MuiTypography-body1 MuiTypography-displayBlock"
          >
            Listen To The Hummingbird
          </span>
          <p
            class="MuiTypography-root MuiListItemText-secondary MuiTypography-body2 MuiTypography-colorTextSecondary MuiTypography-displayBlock"
          >
            <span
              class="MuiTypography-root makeStyles-inline-2 MuiTypography-body2 MuiTypography-colorTextPrimary"
            >
              Leonard Cohen
            </span>
            Thanks For The Dance
             [
            2019
            ]
          </p>
        </div>
        <span
          class="MuiTouchRipple-root"
        />
      </div>
      <li
        class="MuiDivider-root MuiDivider-inset"
        role="separator"
      />
    </ul>
  </div>
</body>
`;

exports[`FileListPanel component renders correctly - with selected 1`] = `
<body>
  <div>
    <ul
      class="MuiList-root makeStyles-root-4 MuiList-padding"
    >
      <div
        aria-disabled="false"
        class="MuiButtonBase-root MuiListItem-root MuiListItem-gutters MuiListItem-button MuiListItem-alignItemsFlexStart"
        id="listItem#0"
        role="button"
        tabindex="0"
      >
        <div
          class="MuiListItemAvatar-root MuiListItemAvatar-alignItemsFlexStart"
        >
          <div
            class="MuiAvatar-root MuiAvatar-rounded makeStyles-large-6"
          >
            <img
              alt="Happens To The Heart"
              class="MuiAvatar-img"
              src="test-file-stub"
            />
          </div>
        </div>
        <div
          class="MuiListItemText-root MuiListItemText-multiline"
        >
          <span
            class="MuiTypography-root MuiListItemText-primary MuiTypography-body1 MuiTypography-displayBlock"
          >
            Happens To The Heart
          </span>
          <p
            class="MuiTypography-root MuiListItemText-secondary MuiTypography-body2 MuiTypography-colorTextSecondary MuiTypography-displayBlock"
          >
            <span
              class="MuiTypography-root makeStyles-inline-5 MuiTypography-body2 MuiTypography-colorTextPrimary"
            >
              Leonard Cohen
            </span>
            Thanks For The Dance
             [
            2019
            ]
          </p>
        </div>
        <span
          class="MuiTouchRipple-root"
        />
      </div>
      <li
        class="MuiDivider-root MuiDivider-inset"
        role="separator"
      />
      <div
        aria-disabled="false"
        class="MuiButtonBase-root MuiListItem-root MuiListItem-gutters MuiListItem-button MuiListItem-alignItemsFlexStart"
        id="listItem#1"
        role="button"
        tabindex="0"
      >
        <div
          class="MuiListItemAvatar-root MuiListItemAvatar-alignItemsFlexStart"
        >
          <div
            class="MuiAvatar-root MuiAvatar-rounded makeStyles-large-6"
          >
            <img
              alt="Moving On"
              class="MuiAvatar-img"
              src="test-file-stub"
            />
          </div>
        </div>
        <div
          class="MuiListItemText-root MuiListItemText-multiline"
        >
          <span
            class="MuiTypography-root MuiListItemText-primary MuiTypography-body1 MuiTypography-displayBlock"
          >
            Moving On
          </span>
          <p
            class="MuiTypography-root MuiListItemText-secondary MuiTypography-body2 MuiTypography-colorTextSecondary MuiTypography-displayBlock"
          >
            <span
              class="MuiTypography-root makeStyles-inline-5 MuiTypography-body2 MuiTypography-colorTextPrimary"
            >
              Leonard Cohen
            </span>
            Thanks For The Dance
             [
            2019
            ]
          </p>
        </div>
        <span
          class="MuiTouchRipple-root"
        />
      </div>
      <li
        class="MuiDivider-root MuiDivider-inset"
        role="separator"
      />
      <div
        aria-disabled="false"
        class="MuiButtonBase-root MuiListItem-root MuiListItem-gutters MuiListItem-button MuiListItem-alignItemsFlexStart"
        id="listItem#2"
        role="button"
        tabindex="0"
      >
        <div
          class="MuiListItemAvatar-root MuiListItemAvatar-alignItemsFlexStart"
        >
          <div
            class="MuiAvatar-root MuiAvatar-rounded makeStyles-large-6"
          >
            <img
              alt="The Night of Santiago"
              class="MuiAvatar-img"
              src="test-file-stub"
            />
          </div>
        </div>
        <div
          class="MuiListItemText-root MuiListItemText-multiline"
        >
          <span
            class="MuiTypography-root MuiListItemText-primary MuiTypography-body1 MuiTypography-displayBlock"
          >
            The Night of Santiago
          </span>
          <p
            class="MuiTypography-root MuiListItemText-secondary MuiTypography-body2 MuiTypography-colorTextSecondary MuiTypography-displayBlock"
          >
            <span
              class="MuiTypography-root makeStyles-inline-5 MuiTypography-body2 MuiTypography-colorTextPrimary"
            >
              Leonard Cohen
            </span>
            Thanks For The Dance
             [
            2019
            ]
          </p>
        </div>
        <span
          class="MuiTouchRipple-root"
        />
      </div>
      <li
        class="MuiDivider-root MuiDivider-inset"
        role="separator"
      />
      <div
        aria-disabled="false"
        class="MuiButtonBase-root MuiListItem-root MuiListItem-gutters MuiListItem-button MuiListItem-alignItemsFlexStart"
        id="listItem#3"
        role="button"
        tabindex="0"
      >
        <div
          class="MuiListItemAvatar-root MuiListItemAvatar-alignItemsFlexStart"
        >
          <div
            class="MuiAvatar-root MuiAvatar-rounded makeStyles-large-6"
          >
            <img
              alt="Thanks For The Dance"
              class="MuiAvatar-img"
              src="test-file-stub"
            />
          </div>
        </div>
        <div
          class="MuiListItemText-root MuiListItemText-multiline"
        >
          <span
            class="MuiTypography-root MuiListItemText-primary MuiTypography-body1 MuiTypography-displayBlock"
          >
            Thanks For The Dance
          </span>
          <p
            class="MuiTypography-root MuiListItemText-secondary MuiTypography-body2 MuiTypography-colorTextSecondary MuiTypography-displayBlock"
          >
            <span
              class="MuiTypography-root makeStyles-inline-5 MuiTypography-body2 MuiTypography-colorTextPrimary"
            >
              Leonard Cohen
            </span>
            Thanks For The Dance
             [
            2019
            ]
          </p>
        </div>
        <span
          class="MuiTouchRipple-root"
        />
      </div>
      <li
        class="MuiDivider-root MuiDivider-inset"
        role="separator"
      />
      <div
        aria-disabled="false"
        class="MuiButtonBase-root MuiListItem-root MuiListItem-gutters MuiListItem-button MuiListItem-alignItemsFlexStart"
        id="listItem#4"
        role="button"
        tabindex="0"
      >
        <div
          class="MuiListItemAvatar-root MuiListItemAvatar-alignItemsFlexStart"
        >
          <div
            class="MuiAvatar-root MuiAvatar-rounded makeStyles-large-6"
          >
            <img
              alt="It's Torn"
              class="MuiAvatar-img"
              src="test-file-stub"
            />
          </div>
        </div>
        <div
          class="MuiListItemText-root MuiListItemText-multiline"
        >
          <span
            class="MuiTypography-root MuiListItemText-primary MuiTypography-body1 MuiTypography-displayBlock"
          >
            It's Torn
          </span>
          <p
            class="MuiTypography-root MuiListItemText-secondary MuiTypography-body2 MuiTypography-colorTextSecondary MuiTypography-displayBlock"
          >
            <span
              class="MuiTypography-root makeStyles-inline-5 MuiTypography-body2 MuiTypography-colorTextPrimary"
            >
              Leonard Cohen
            </span>
            Thanks For The Dance
             [
            2019
            ]
          </p>
        </div>
        <span
          class="MuiTouchRipple-root"
        />
      </div>
      <li
        class="MuiDivider-root MuiDivider-inset"
        role="separator"
      />
      <div
        aria-disabled="false"
        class="MuiButtonBase-root MuiListItem-root MuiListItem-gutters MuiListItem-button MuiListItem-alignItemsFlexStart"
        id="listItem#5"
        role="button"
        tabindex="0"
      >
        <div
          class="MuiListItemAvatar-root MuiListItemAvatar-alignItemsFlexStart"
        >
          <div
            class="MuiAvatar-root MuiAvatar-rounded makeStyles-large-6"
          >
            <img
              alt="The Goal"
              class="MuiAvatar-img"
              src="test-file-stub"
            />
          </div>
        </div>
        <div
          class="MuiListItemText-root MuiListItemText-multiline"
        >
          <span
            class="MuiTypography-root MuiListItemText-primary MuiTypography-body1 MuiTypography-displayBlock"
          >
            The Goal
          </span>
          <p
            class="MuiTypography-root MuiListItemText-secondary MuiTypography-body2 MuiTypography-colorTextSecondary MuiTypography-displayBlock"
          >
            <span
              class="MuiTypography-root makeStyles-inline-5 MuiTypography-body2 MuiTypography-colorTextPrimary"
            >
              Leonard Cohen
            </span>
            Thanks For The Dance
             [
            2019
            ]
          </p>
        </div>
        <span
          class="MuiTouchRipple-root"
        />
      </div>
      <li
        class="MuiDivider-root MuiDivider-inset"
        role="separator"
      />
      <div
        aria-disabled="false"
        class="MuiButtonBase-root MuiListItem-root MuiListItem-gutters MuiListItem-button MuiListItem-alignItemsFlexStart"
        id="listItem#6"
        role="button"
        tabindex="0"
      >
        <div
          class="MuiListItemAvatar-root MuiListItemAvatar-alignItemsFlexStart"
        >
          <div
            class="MuiAvatar-root MuiAvatar-rounded makeStyles-large-6"
          >
            <img
              alt="Puppets"
              class="MuiAvatar-img"
              src="test-file-stub"
            />
          </div>
        </div>
        <div
          class="MuiListItemText-root MuiListItemText-multiline"
        >
          <span
            class="MuiTypography-root MuiListItemText-primary MuiTypography-body1 MuiTypography-displayBlock"
          >
            Puppets
          </span>
          <p
            class="MuiTypography-root MuiListItemText-secondary MuiTypography-body2 MuiTypography-colorTextSecondary MuiTypography-displayBlock"
          >
            <span
              class="MuiTypography-root makeStyles-inline-5 MuiTypography-body2 MuiTypography-colorTextPrimary"
            >
              Leonard Cohen
            </span>
            Thanks For The Dance
             [
            2019
            ]
          </p>
        </div>
        <span
          class="MuiTouchRipple-root"
        />
      </div>
      <li
        class="MuiDivider-root MuiDivider-inset"
        role="separator"
      />
      <div
        aria-disabled="false"
        class="MuiButtonBase-root MuiListItem-root MuiListItem-gutters MuiListItem-button MuiListItem-alignItemsFlexStart"
        id="listItem#7"
        role="button"
        tabindex="0"
      >
        <div
          class="MuiListItemAvatar-root MuiListItemAvatar-alignItemsFlexStart"
        >
          <div
            class="MuiAvatar-root MuiAvatar-rounded makeStyles-large-6"
          >
            <img
              alt="The Hills"
              class="MuiAvatar-img"
              src="test-file-stub"
            />
          </div>
        </div>
        <div
          class="MuiListItemText-root MuiListItemText-multiline"
        >
          <span
            class="MuiTypography-root MuiListItemText-primary MuiTypography-body1 MuiTypography-displayBlock"
          >
            The Hills
          </span>
          <p
            class="MuiTypography-root MuiListItemText-secondary MuiTypography-body2 MuiTypography-colorTextSecondary MuiTypography-displayBlock"
          >
            <span
              class="MuiTypography-root makeStyles-inline-5 MuiTypography-body2 MuiTypography-colorTextPrimary"
            >
              Leonard Cohen
            </span>
            Thanks For The Dance
             [
            2019
            ]
          </p>
        </div>
        <span
          class="MuiTouchRipple-root"
        />
      </div>
      <li
        class="MuiDivider-root MuiDivider-inset"
        role="separator"
      />
      <div
        aria-disabled="false"
        class="MuiButtonBase-root MuiListItem-root MuiListItem-gutters MuiListItem-button MuiListItem-alignItemsFlexStart"
        id="listItem#8"
        role="button"
        tabindex="0"
      >
        <div
          class="MuiListItemAvatar-root MuiListItemAvatar-alignItemsFlexStart"
        >
          <div
            class="MuiAvatar-root MuiAvatar-rounded makeStyles-large-6"
          >
            <img
              alt="Listen To The Hummingbird"
              class="MuiAvatar-img"
              src="test-file-stub"
            />
          </div>
        </div>
        <div
          class="MuiListItemText-root MuiListItemText-multiline"
        >
          <span
            class="MuiTypography-root MuiListItemText-primary MuiTypography-body1 MuiTypography-displayBlock"
          >
            Listen To The Hummingbird
          </span>
          <p
            class="MuiTypography-root MuiListItemText-secondary MuiTypography-body2 MuiTypography-colorTextSecondary MuiTypography-displayBlock"
          >
            <span
              class="MuiTypography-root makeStyles-inline-5 MuiTypography-body2 MuiTypography-colorTextPrimary"
            >
              Leonard Cohen
            </span>
            Thanks For The Dance
             [
            2019
            ]
          </p>
        </div>
        <span
          class="MuiTouchRipple-root"
        />
      </div>
      <li
        class="MuiDivider-root MuiDivider-inset"
        role="separator"
      />
    </ul>
  </div>
</body>
`;
